keeps_unknown_column: WARN
  warning: [pplw-unrecognized-annotation] schema 'WithMystery' has unrecognized field annotations: field 'blob': annotation `CustomPayload` is not a recognized dtype form — each column is treated as Unknown dtype (pandera raises TypeError at first use if the annotation does not resolve to a dtype at runtime)
  via: column 'blob': passed via Unknown
