bug_async: FAIL
  error: [pple-return-type] Missing column 'v' of type Float64
  error: [pple-return-type] Missing column 'a' of type Float64
bug_in_if: FAIL
  error: [pple-return-type] Missing column 'v' of type Float64
  error: [pple-return-type] Missing column 'a' of type Float64
bug_in_with: FAIL
  error: [pple-return-type] Missing column 'v' of type Float64
  error: [pple-return-type] Missing column 'a' of type Float64
bug_closure: FAIL
  error: [pple-return-type] Missing column 'v' of type Float64
  error: [pple-return-type] Missing column 'a' of type Float64
