cast_ineffective: FAIL
  error: [pple-return-type] Missing column 'v' of type Float64
  error: [pple-return-type] Missing column 'a' of type Float64
  warning: [pplw-ignored-cast] typing.cast to frame schema 'KVa' is not honored as a schema assertion; polypolarism checks the cast argument's actual inferred schema instead. Use # type: ignore[pple-return-type] to suppress a resulting mismatch if the cast is intentional.
