bug_str_eq_int: FAIL
  error: [pple-incompatible-operands] comparison 'Utf8 == Int64' is not supported — polars rejects comparing these dtypes at runtime; cast an operand first
bug_is_in_type_mismatch: FAIL
  error: [pple-incompatible-operands] is_in: cannot check for List(Utf8) values in Int64 data — polars raises InvalidOperationError at runtime; cast an operand first
