enum_declared_categorical: FAIL
  error: Column 'status' has type Enum['new', 'paid'], but declared type is Categorical
float16_declared_float32: FAIL
  error: Column 'embedding_dim_0' has type Float16, but declared type is Float32
int128_declared_int64: FAIL
  error: Column 'amount_micros' has type Int128, but declared type is Int64
uint128_declared_int128: FAIL
  error: Column 'key' has type UInt128, but declared type is Int128
