full_join_coalesced: FAIL
  error: [pple-return-type] Missing column 'id_right' of type Int64?
full_join_default: FAIL
  error: [pple-return-type] Column 'id' has type Int64?, but declared type is Int64
cross_join: FAIL
  error: [pple-return-type] Column 'label' has type Utf8, but declared type is Int64
