bug_sum_tags_as_int: FAIL
  error: [pple-non-numeric-operand] list.sum: operation not supported for dtype List[Utf8] — polars raises an error at runtime
  via: column 'total': passed via Unknown
bug_sum_tags_as_str: FAIL
  error: [pple-non-numeric-operand] list.sum: operation not supported for dtype List[Utf8] — polars raises an error at runtime
  via: column 'total': passed via Unknown
