get_kv: OK
<module>: FAIL
  error: [pple-column-not-found] Column 'nope_module' not found. Available columns: ['k', 'v']
  error: [pple-column-not-found] Column 'nope_guard' not found. Available columns: ['k', 'v']
main: FAIL
  error: [pple-column-not-found] Column 'nope_main' not found. Available columns: ['k', 'v']
