use_after_drop: FAIL
  error: [pple-column-not-found] Column 'a' not found — it was removed earlier in this chain (drop/rename)
use_old_name_after_rename: FAIL
  error: [pple-column-not-found] Column 'a' not found — it was removed earlier in this chain (drop/rename)
declared_column_provably_removed: FAIL
  error: [pple-return-type] Missing column 'a' of type Int64
