mean_wrong_unit: FAIL
  error: [pple-return-type] Column 'mean_started' has type Datetime[ms, UTC], but declared type is Datetime[us, UTC]
var_on_duration: FAIL
  error: [pple-groupby] Cannot apply var to type Duration[ns]: var is not supported for this temporal type at runtime (probed polars 1.41.2)
  error: [pple-return-type] Could not infer return type
sum_on_datetime_grouped: FAIL
  error: [pple-return-type] Column 'total' has type Datetime[ms, UTC]?, but declared type is Datetime[ms, UTC]
  warning: [pplw-all-null-aggregation] sum on Datetime[ms, UTC] in a grouped context always yields an all-null column (probed; the same reduction raises in a plain select) — this is probably not intended
std_on_datetime_select: FAIL
  error: [pple-groupby] Cannot apply std to type Datetime[ms, UTC]: std is not supported for this temporal type at runtime (probed polars 1.41.2)
