fn_listform_extra: FAIL
  error: [pple-return-type] Extra column 'a' of type Float64 not in declared return type
fn_starform_extra: FAIL
  error: [pple-return-type] Extra column 'a' of type Float64 not in declared return type
fn_kwargs_extra: FAIL
  error: [pple-return-type] Extra column 'a' of type Float64 not in declared return type
