make_kva: OK
h_direct: OK
  via: column 'k': not provably absent (open frame)
  via: column 'v': not provably absent (open frame)
  via: column 'a': not provably absent (open frame)
h_reassign: OK
  via: column 'k': not provably absent (open frame)
  via: column 'v': not provably absent (open frame)
  via: column 'a': not provably absent (open frame)
